uild:Sep 19 2022
rst:0x1 (POWERON),boot:0x1f (SPI_FAST_FLASH_BOOT)
SPIWP:0xee
mode:DIO, clock div:2
load:0x40875720,len:�ESP-ROM:esp32c6-20220919
Build:Sep 19 2022
rst:0x1 (POWERON),boot:0x1f (SPI_FAST_FLASH_BOOT)
SPIWP:0xee
mode:DIO, clock div:2
load:0x40875720,len:0x16b8
load:0x4086c110,len:0xe90
load:0x4086e610,len:0x3068
entry 0x4086c11a
[0;32mI (23) boot: ESP-IDF v5.4.2 2nd stage bootloader[0m
[0;32mI (24) boot: compile time Jun 15 2026 11:47:55[0m
[0;32mI (24) boot: chip revision: v0.2[0m
[0;32mI (24) boot: efuse block revision: v0.3[0m
[0;32mI (27) boot.esp32c6: SPI Speed      : 80MHz[0m
[0;32mI (31) boot.esp32c6: SPI Mode       : DIO[0m
[0;32mI (35) boot.esp32c6: SPI Flash Size : 2MB[0m
[0;32mI (39) boot: Enabling RNG early entropy source...[0m
[0;32mI (43) boot: Partition Table:[0m
[0;32mI (46) boot: ## Label            Usage          Type ST Offset   Length[0m
[0;32mI (52) boot:  0 nvs              WiFi data        01 02 00009000 00006000[0m
[0;32mI (58) boot:  1 phy_init         RF data          01 01 0000f000 00001000[0m
[0;32mI (65) boot:  2 factory          factory app      00 00 00010000 0015e000[0m
[0;32mI (71) boot:  3 zb_storage       Unknown data     01 81 0016e000 00004000[0m
[0;32mI (78) boot:  4 zb_fct           Unknown data     01 81 00172000 00000400[0m
[0;32mI (84) boot:  5 rcp_fw           Unknown data     01 82 00173000 00001000[0m
[0;32mI (91) boot:  6 coredump         Unknown data     01 03 00174000 00020000[0m
[0;32mI (98) boot: End of partition table[0m
[0;32mI (101) esp_image: segment 0: paddr=00010020 vaddr=42068020 size=1c3ech (115692) map[0m
[0;32mI (131) esp_image: segment 1: paddr=0002c414 vaddr=40800000 size=03c04h ( 15364) load[0m
[0;32mI (135) esp_image: segment 2: paddr=00030020 vaddr=42000020 size=61a78h (399992) map[0m
[0;32mI (211) esp_image: segment 3: paddr=00091aa0 vaddr=40803c04 size=0d890h ( 55440) load[0m
[0;32mI (224) esp_image: segment 4: paddr=0009f338 vaddr=408114a0 size=02628h (  9768) load[0m
[0;32mI (227) esp_image: segment 5: paddr=000a1968 vaddr=50002000 size=0006ch (   108) load[0m
[0;32mI (232) boot: Loaded app from partition at offset 0x10000[0m
[0;32mI (233) boot: Disabling RNG early entropy source...[0m
[0;32mI (249) cpu_start: Unicore app[0m
[0;32mI (258) cpu_start: Pro cpu start user code[0m
[0;32mI (258) cpu_start: cpu freq: 80000000 Hz[0m
[0;32mI (258) app_init: Application information:[0m
[0;32mI (259) app_init: Project name:     iringer_ir_end_device_2_1[0m
[0;32mI (263) app_init: App version:      8f24914-dirty[0m
[0;32mI (268) app_init: Compile time:     Jun 15 2026 11:47:30[0m
[0;32mI (273) app_init: ELF file SHA256:  87b324ab1...[0m
[0;32mI (277) app_init: ESP-IDF:          v5.4.2[0m
[0;32mI (281) efuse_init: Min chip rev:     v0.0[0m
[0;32mI (285) efuse_init: Max chip rev:     v0.99 [0m
[0;32mI (289) efuse_init: Chip rev:         v0.2[0m
[0;32mI (293) heap_init: Initializing. RAM available for dynamic allocation:[0m
[0;32mI (299) heap_init: At 40818190 len 00064480 (401 KiB): RAM[0m
[0;32mI (304) heap_init: At 4087C610 len 00002F54 (11 KiB): RAM[0m
[0;32mI (309) heap_init: At 500020D0 len 00001F18 (7 KiB): RTCRAM[0m
[0;32mI (315) spi_flash: detected chip: generic[0m
[0;32mI (318) spi_flash: flash io: dio[0m
[0;33mW (321) spi_flash: Detected size(8192k) larger than the size in the binary image header(2048k). Using the size in the binary image header.[0m
[0;32mI (334) sleep_gpio: Configure to isolate all GPIO pins in sleep state[0m
[0;32mI (340) sleep_gpio: Enable automatic switching of GPIO sleep configuration[0m
[0;32mI (347) sleep_clock: System Power, Clock and Reset sleep retention initialization[0m
[0;32mI (366) coexist: coex firmware version: 7b9a184[0m
[0;32mI (366) coexist: coexist rom version 5b8dcfa[0m
[0;32mI (368) main_task: Started on CPU0[0m
[0;32mI (368) main_task: Calling app_main()[0m
[0;32mI (370) ALIVE: ALIVE MARKER: 이전 마커 없음 (magic=0x995279BB, reset=1) — 첫 부팅 또는 power cycle[0m
[0;33mW (380) ALIVE: ALIVE MARKER 초기화 완료: 부팅 #1[0m
[0;32mI (385) IRINGER_IR_2.1: Cold boot (POWERON) - 전원 안정화 대기 (50 ms)[0m
[0;32mI (442) IRINGER_IR_2.1: 부팅 시간 기록: 127221 us (알람 워밍업 시간: 1분)[0m
[0;32mI (442) IRINGER_IR_2.1: Starting i-Ringer IR End Device v2.1[0m
[0;32mI (557) IRINGER_IR_2.1: 리셋 원인=1 (1=SW,2=잠깸,3=익셉션,4=SW_WDT,5=TG0_WDT,6=TG1_WDT,7=RTCWDT), reboot_count=52, reconnect_count=45[0m
[0;33mW (560) LP_CORE_SHARED_MEM: 공유 메모리가 초기화되지 않음, 자동 초기화[0m
[0;32mI (566) IRINGER_IR_2.1: NVS에서 총 수액량 로드: 31.0 ml, 현재 수액량 초기화: 31.0 ml[0m
[1;31mE (575) TRAP_1: 부팅 직후 뿌리 데이터: 0.00[0m
[0;32mI (580) IRINGER_IR_2.1: 기기 SN: iRinger-Nc2o[0m
[0;32mI (584) IRINGER_IR_2.1: 기기 MAC Address: 58:8c:81:ff:fe:35:cd:a8[0m
[0;32mI (590) BATTERY: 배터리 모듈 초기화 시작[0m
[0;32mI (595) BATTERY: 커브 피팅 캘리브레이션 스킴 사용[0m
[0;32mI (600) BATTERY: ADC 캘리브레이션 성공[0m
[0;32mI (604) BATTERY: 배터리 모듈 초기화 완료[0m
[0;32mI (609) CAPACITOR_SENSOR: 커패시터 센서 초기화 완료 (LP Core에서 제어, GPIO7)[0m
[0;32mI (617) IRINGER_IR_2.1: 더미 타이머 3개 시작 완료 (copy 버전과 유사한 환경 유지)[0m
[0;32mI (626) IRINGER_IR_2.1: LP Core 초기화 완료 (기존 알고리즘 사용)[0m
[0;32mI (734) IRINGER_IR_2.1: LP Core 시작 완료 및 동작 확인 (GPIO3에서 500Hz 샘플링, data_ready=0)[0m
[0;32mI (734) IRINGER_IR_2.1: ULP wakeup 설정 완료 (LP Core 비상 wakeup 활성화)[0m
[0;33mW (740) TFT: [TFTINIT HB] #1 진입 (first_boot=1, heap=402060, min_heap=402060)[0m
[0;32mI (747) TFT: TFT 초기화 시작 (first_boot=1)[0m
[0;32mI (751) TFT: 백라이트 GPIO 초기화 완료 (PWM 사용 안 함)[0m
[0;32mI (757) TFT: tft_set_backlight_duty 호출: duty=0[0m
[0;32mI (761) TFT: 백라이트 끄기 시작[0m
[0;32mI (765) TFT: 백라이트 완전히 끄기 완료 (GPIO18 LOW 설정, 확인 레벨=0)[0m
[0;32mI (773) TFT: GPIO18 Hold 활성화 (Sleep 상태 유지)[0m
[0;32mI (1452) TFT: tft_set_backlight_duty 호출: duty=50[0m
[0;32mI (1452) TFT: 백라이트 켜기 시작[0m
[0;32mI (1452) TFT: 백라이트 켜기 완료 (GPIO18 HIGH 설정, 확인 레벨=0)[0m
[0;32mI (1456) TFT: TFT 초기화 완료[0m
[0;33mW (1459) TFT: [TFTINIT HB] #1 완료 (heap=396048)[0m
[0;32mI (2792) BATTERY: 배터리 전압 측정: ADC 원시값=2133, vIn=3546mV[0m
[0;32mI (2792) BATTERY: 배터리 레벨: 캐시 사용 level=100%[0m
[0;32mI (2793) IRINGER_IR_2.1: 초기 배터리 측정: 전압=3546mV, 레벨=100%[0m
[0;32mI (2817) IRINGER_IR_2.1: TFT 디스플레이 초기화 완료 (초기 GTT 측정 및 UI 업데이트 완료)[0m
[0;32mI (2817) IRINGER_IR_2.1: 데이터 업데이트 태스크 시작 (ESP Light Sleep 전용 모드)[0m
[0;32mI (2824) IRINGER_IR_2.1: ESP Light Sleep 전용: 리포트 전송 → 다운링크 수신 → Light Sleep → 반복[0m
[0;32mI (2834) IRINGER_IR_2.1: GTT 측정: LP Core 사용 중[0m
[0;32mI (2817) IRINGER_IR_2.1: Data update task successful[0m
[0;32mI (2844) IRINGER_IR_2.1: Watchdog yield 태스크 시작 완료 (Task watchdog 에러 방지)[0m
[0;32mI (2852) IRINGER_IR_2.1: Zigbee 네트워크 조인 시작[0m
[0;32mI (2857) IRINGER_IR_2.1: Zigbee 초기화 (sleep은 조인 후 활성화)[0m
[0;32mI (2937) IRINGER_IR_2.1: Zigbee Light Sleep 사전 활성화 (init 직후)[0m
[0;32mI (2938) IRINGER_IR_2.1: Sleepy End Device 모드 활성화: rx_on_when_idle=false[0m
[0;32mI (2967) IRINGER_IR_2.1: Initialize Zigbee stack[0m
[0;32mI (3797) IRINGER_IR_2.1: Zigbee initial report setup completed[0m
[0;32mI (3797) IRINGER_IR_2.1: Device started up in non factory-reset mode[0m
[0;32mI (3798) IRINGER_IR_2.1: Device rebooted[0m
[0;32mI (3803) IRINGER_IR_2.1: 재부팅: 네트워크 연결 확인 (short_addr: 0xeedd)[0m
[0;32mI (3809) IRINGER_IR_2.1: 재부팅: 리포트 설정 재적용 완료, Time Cluster Read Attributes 전송 (시간 동기화 대기 중)[0m
[0;32mI (4560) IRINGER_IR_2.1: Time Cluster Read Attributes 응답: time=1781529243 (Unix epoch 초, type=226)[0m
[0;32mI (4561) [15 13:14:03.00] IRINGER_IR_2.1: === Time Cluster로 시간 동기화 완료 === time_value=1781529243, adjusted_time=1781529243, boot_time_us=4246425[0m
[0;32mI (4572) [15 13:14:03.01] IRINGER_IR_2.1: 시간 동기화 완료: 첫 리포트 즉시 전송[0m
[0;32mI (4839) [15 13:14:03.27] IRINGER_IR_2.1: Zigbee Light Sleep 메인 루틴 시작 (CAN_SLEEP 정석 모드)[0m
[0;33mW (4839) [15 13:14:03.27] IRINGER_IR_2.1: [MAINLOOP HB] iter=1 state=IDLE t=4525 ms[0m
[0;32mI (4845) [15 13:14:03.28] IRINGER_IR_2.1: 리포트 전송 시작[0m
[0;32mI (5982) [15 13:14:04.42] BATTERY: 배터리 전압 측정: ADC 원시값=2106, vIn=3501mV[0m
[0;32mI (5982) [15 13:14:04.42] BATTERY: 배터리 레벨: 캐시 사용 level=100%[0m
[0;32mI (8167) [15 13:14:06.60] IRINGER_IR_2.1: 다운링크 수신: 네트워크 연결 확인 및 연결 상태 아이콘 업데이트 (short_addr: 0xeedd)[0m
[0;32mI (8170) [15 13:14:06.60] IRINGER_IR_2.1: 첫 다운링크 수신: Zigbee 연결 완료 + 첫 다운링크 수신 시간 기록 (600초 후 슬립 진입 가능)[0m
[0;32mI (8184) [15 13:14:06.62] IRINGER_IR_2.1: Received downlink binary: r_vol=25, ord_gtt=2100, min_gtt=0, max_gtt=0, rest=0, server_time=1781529243[0m
[0;33mW (8196) [15 13:14:06.63] IRINGER_IR_2.1: [DL-RX] #1 server_time=1781529243[0m
[0;32mI (8204) [15 13:14:06.64] IRINGER_IR_2.1: 다운링크 수신: r_volume_max=25 ml (r_volume_now=30.9 ml, calc_drop()에서 계속 업데이트)[0m
[0;32mI (8216) [15 13:14:06.65] IRINGER_IR_2.1: ordered_gtt 업데이트: 21.00[0m
[0;32mI (8222) [15 13:14:06.66] IRINGER_IR_2.1: min_gtt 업데이트: 0.00[0m
[0;33mW (8228) [15 13:14:06.66] IRINGER_APP: GTT 기본 범위 이탈: 46.00 (10.50 ~ 31.50)[0m
[0;33mW (8236) [15 13:14:06.67] IRINGER_APP: GTT 기본 범위 이탈: 71.00 (10.50 ~ 31.50)[0m
[0;32mI (8244) [15 13:14:06.68] IRINGER_IR_2.1: 다운링크 수신 후 calc_drop() 호출 완료 (GTT=46.0)[0m
[0;32mI (8253) [15 13:14:06.69] IRINGER_IR_2.1: 다운링크 수신 후 calc_drop() 호출 완료 (cchr=21.0)[0m
[0;32mI (8262) [15 13:14:06.70] IRINGER_IR_2.1: 다운링크 수신 후 LCD 업데이트 완료 (연결 상태 및 GTT=46.0 등)[0m
[0;32mI (8273) [15 13:14:06.71] IRINGER_IR_2.1: 다음 리포트까지 30초 대기 (CAN_SLEEP이 sleep 관리)[0m
[0;33mW (8987) [15 13:14:07.42] IRINGER_APP: GTT 기본 범위 이탈: 46.00 (10.50 ~ 31.50)[0m
[0;33mW (8988) [15 13:14:07.42] IRINGER_APP: GTT 기본 범위 이탈: 46.00 (10.50 ~ 31.50)[0m
[0;33mW (9992) [15 13:14:08.43] IRINGER_APP: GTT 기본 범위 이탈: 46.00 (10.50 ~ 31.50)[0m
[0;33mW (9992) [15 13:14:08.43] IRINGER_APP: GTT 기본 범위 이탈: 46.00 (10.50 ~ 31.50)[0m
[0;33mW (10320) [15 13:14:08.75] TFT: ui_task heartbeat: idle wait #1 (queue 0/16, sleeping=0)[0m
[0;33mW (10996) [15 13:14:09.43] IRINGER_IR_2.1: data_update_task heartbeat #1 (t=10681 ms, lcd_sleeping=0)[0m
[0;33mW (10997) [15 13:14:09.43] IRINGER_APP: GTT 기본 범위 이탈: 43.00 (10.50 ~ 31.50)[0m
[0;33mW (11002) [15 13:14:09.44] IRINGER_APP: GTT 기본 범위 이탈: 46.00 (10.50 ~ 31.50)[0m
[0;32mI (11530) [15 13:14:09.97] IRINGER_IR_2.1: 다운링크 수신: 네트워크 연결 확인 및 연결 상태 아이콘 업데이트 (short_addr: 0xeedd)[0m
[0;32mI (11535) [15 13:14:09.97] IRINGER_IR_2.1: Received downlink binary: r_vol=25, ord_gtt=2100, min_gtt=0, max_gtt=0, rest=0, server_time=1781529243[0m
[0;33mW (11547) [15 13:14:09.98] IRINGER_IR_2.1: [DL-RX] #2 server_time=1781529243[0m
[0;33mW (11555) [15 13:14:09.99] IRINGER_IR_2.1: [DL-RX] 중복 무시 (3.4초 이내 동일 데이터)[0m
[0;33mW (13009) [15 13:14:11.44] IRINGER_APP: GTT 기본 범위 이탈: 47.00 (10.50 ~ 31.50)[0m
[0;33mW (13010) [15 13:14:11.44] IRINGER_APP: GTT 기본 범위 이탈: 73.00 (10.50 ~ 31.50)[0m
[0;33mW (14014) [15 13:14:12.45] IRINGER_APP: GTT 기본 범위 이탈: 33.00 (10.50 ~ 31.50)[0m
[0;33mW (14015) [15 13:14:12.45] IRINGER_APP: GTT 기본 범위 이탈: 47.00 (10.50 ~ 31.50)[0m
[0;33mW (15019) [15 13:14:13.45] IRINGER_APP: GTT 기본 범위 이탈: 33.00 (10.50 ~ 31.50)[0m
[0;33mW (15019) [15 13:14:13.45] IRINGER_APP: GTT 기본 범위 이탈: 33.00 (10.50 ~ 31.50)[0m
[0;33mW (16024) [15 13:14:14.46] IRINGER_APP: GTT 기본 범위 이탈: 33.00 (10.50 ~ 31.50)[0m
